Checking src\application\TcasApplication.cpp ...
include\orchestrator\SafetyPipeline.hpp:29:17: warning: Member variable 'TrainRoute::trainId' has no initializer. [uninitMemberVarNoCtor]
        TrainId trainId;
                ^
include\orchestrator\SafetyPipeline.hpp:30:17: warning: Member variable 'TrainRoute::currentTrackId' has no initializer. [uninitMemberVarNoCtor]
        TrackId currentTrackId;
                ^
src\application\TcasApplication.cpp:516:23: style: The member function 'tcas::app::TcasApplication::printHeader' can be static. [functionStatic]
void TcasApplication::printHeader() const
                      ^
include\application\TcasApplication.hpp:31:10: note: The member function 'tcas::app::TcasApplication::printHeader' can be static.
    void printHeader() const;
         ^
src\application\TcasApplication.cpp:516:23: note: The member function 'tcas::app::TcasApplication::printHeader' can be static.
void TcasApplication::printHeader() const
                      ^
src\application\TcasApplication.cpp:540:23: style: The member function 'tcas::app::TcasApplication::printMenu' can be static. [functionStatic]
void TcasApplication::printMenu() const
                      ^
include\application\TcasApplication.hpp:33:10: note: The member function 'tcas::app::TcasApplication::printMenu' can be static.
    void printMenu() const;
         ^
src\application\TcasApplication.cpp:540:23: note: The member function 'tcas::app::TcasApplication::printMenu' can be static.
void TcasApplication::printMenu() const
                      ^
include\orchestrator\UserCommand.hpp:64:5: style: Struct 'UserCommand' has a constructor with 1 argument that is not explicit. [noExplicitConstructor]
    UserCommand(UserCommandType t)
    ^
src\application\TcasApplication.cpp:309:25: style: The scope of the variable 'b' can be reduced. [variableScope]
        double a = 0.0, b = 0.0;
                        ^
src\application\TcasApplication.cpp:176:36: style: Consider using std::transform algorithm instead of a raw loop. [useStlAlgorithm]
    for (char& c : firstLower) { c = static_cast<char>(std::tolower(static_cast<unsigned char>(c))); }
                                   ^
src\application\TcasApplication.cpp:666:18: style: Consider using std::transform algorithm instead of a raw loop. [useStlAlgorithm]
        trainIds.push_back(route.trainId);
                 ^
src\application\TcasApplication.cpp:870:9: style: Consider using std::find_if algorithm instead of a raw loop. [useStlAlgorithm]
        {
        ^
Checking src\application\TcasApplication.cpp: _WIN32=_WIN32...
1/73 files checked 8% done
Checking src\communication\CommunicationChannel.cpp ...
2/73 files checked 9% done
Checking src\communication\Message.cpp ...
3/73 files checked 10% done
Checking src\conflict\ConflictDetector.cpp ...
src\conflict\ConflictDetector.cpp:290:32: style: The member function 'tcas::conflict::ConflictDetector::classifySameTrack' can be static. [functionStatic]
ConflictType ConflictDetector::classifySameTrack(
                               ^
include\conflict\ConflictDetector.hpp:33:18: note: The member function 'tcas::conflict::ConflictDetector::classifySameTrack' can be static.
    ConflictType classifySameTrack(
                 ^
src\conflict\ConflictDetector.cpp:290:32: note: The member function 'tcas::conflict::ConflictDetector::classifySameTrack' can be static.
ConflictType ConflictDetector::classifySameTrack(
                               ^
src\conflict\ConflictDetector.cpp:152:60: performance: Function parameter 'config' should be passed by const reference. [passedByValue]
ConflictDetector::ConflictDetector(ConflictDetectionConfig config)
                                                           ^
4/73 files checked 13% done
Checking src\conflict\ResourceReservationManager.cpp ...
5/73 files checked 14% done
Checking src\demo\FoundationDemo.cpp ...
6/73 files checked 17% done
Checking src\demo\IntegratedDemo.cpp ...
7/73 files checked 20% done
Checking src\demo\Module10Demo.cpp ...
src\demo\Module10Demo.cpp:287:25: style: Condition 'expressRoute.success' is always true [knownConditionTrueFalse]
        << (expressRoute.success
                        ^
src\demo\Module10Demo.cpp:169:9: note: Assuming that condition '!expressRoute.success' is not redundant
    if (!expressRoute.success
        ^
src\demo\Module10Demo.cpp:287:25: note: Condition 'expressRoute.success' is always true
        << (expressRoute.success
                        ^
src\demo\Module10Demo.cpp:294:25: style: Condition 'freightRoute.success' is always true [knownConditionTrueFalse]
        << (freightRoute.success
                        ^
src\demo\Module10Demo.cpp:170:12: note: Assuming that condition '!freightRoute.success' is not redundant
        || !freightRoute.success)
           ^
src\demo\Module10Demo.cpp:294:25: note: Condition 'freightRoute.success' is always true
        << (freightRoute.success
                        ^
8/73 files checked 25% done
Checking src\demo\Module9Demo.cpp ...
9/73 files checked 26% done
Checking src\demo\SimulationDemo.cpp ...
10/73 files checked 28% done
Checking src\hmi\HmiDisplay.cpp ...
11/73 files checked 30% done
Checking src\hmi\PerformanceMetrics.cpp ...
12/73 files checked 30% done
Checking src\hmi\TelemetryLogger.cpp ...
13/73 files checked 31% done
Checking src\infrastructure\Junction.cpp ...
14/73 files checked 31% done
Checking src\infrastructure\Node.cpp ...
15/73 files checked 31% done
Checking src\infrastructure\Platform.cpp ...
16/73 files checked 31% done
Checking src\infrastructure\RailwayNetwork.cpp ...
17/73 files checked 33% done
Checking src\infrastructure\Station.cpp ...
18/73 files checked 33% done
Checking src\infrastructure\Track.cpp ...
19/73 files checked 33% done
Checking src\main.cpp ...
20/73 files checked 33% done
Checking src\navigation\RouteNavigator.cpp ...
21/73 files checked 34% done
Checking src\orchestrator\SafetyPipeline.cpp ...
src\orchestrator\SafetyPipeline.cpp:43:9: style: Consider using std::find_if algorithm instead of a raw loop. [useStlAlgorithm]
        {
        ^
src\orchestrator\SafetyPipeline.cpp:210:13: style: Consider using std::find_if algorithm instead of a raw loop. [useStlAlgorithm]
            {
            ^
src\orchestrator\SafetyPipeline.cpp:298:30: style: Consider using std::copy algorithm instead of a raw loop. [useStlAlgorithm]
                allConflicts.push_back(c);
                             ^
22/73 files checked 38% done
Checking src\orchestrator\ThreadOrchestrator.cpp ...
23/73 files checked 44% done
Checking src\physics\KinematicsEngine.cpp ...
24/73 files checked 46% done
Checking src\prediction\PredictionEngine.cpp ...
src\prediction\PredictionEngine.cpp:387:39: style: Redundant initialization for 'effectiveAcceleration'. The initialized value is overwritten before it is read. [redundantInitialization]
                effectiveAcceleration = -effectiveServiceDecel;
                                      ^
src\prediction\PredictionEngine.cpp:375:66: note: effectiveAcceleration is initialized
        AccelerationMetersPerSecondSquared effectiveAcceleration = acceleration;
                                                                 ^
src\prediction\PredictionEngine.cpp:387:39: note: effectiveAcceleration is overwritten
                effectiveAcceleration = -effectiveServiceDecel;
                                      ^
src\prediction\PredictionEngine.cpp:228:9: style: Consider using std::any_of algorithm instead of a raw loop. [useStlAlgorithm]
        {
        ^
src\prediction\PredictionEngine.cpp:429:27: style: Variable 'remainingTime' is assigned a value that is never used. [unreadVariable]
            remainingTime = 0.0;
                          ^
src\prediction\PredictionEngine.cpp:467:27: style: Variable 'remainingTime' is assigned a value that is never used. [unreadVariable]
            remainingTime = 0.0;
                          ^
src\prediction\PredictionEngine.cpp:497:27: style: Variable 'remainingTime' is assigned a value that is never used. [unreadVariable]
            remainingTime = 0.0;
                          ^
25/73 files checked 49% done
Checking src\safety\ConflictPriorityQueue.cpp ...
26/73 files checked 49% done
Checking src\safety\PriorityEngine.cpp ...
src\safety\PriorityEngine.cpp:12:36: style: The member function 'tcas::safety::PriorityEngine::assess' can be static. [functionStatic]
PriorityAssessment PriorityEngine::assess(
                                   ^
include\safety\PriorityEngine.hpp:25:24: note: The member function 'tcas::safety::PriorityEngine::assess' can be static.
    PriorityAssessment assess(
                       ^
src\safety\PriorityEngine.cpp:12:36: note: The member function 'tcas::safety::PriorityEngine::assess' can be static.
PriorityAssessment PriorityEngine::assess(
                                   ^
27/73 files checked 50% done
Checking src\safety\ResolutionEngine.cpp ...
src\safety\ResolutionEngine.cpp:9:33: style: The member function 'tcas::safety::ResolutionEngine::resolve' can be static. [functionStatic]
SafetyCommand ResolutionEngine::resolve(
                                ^
include\safety\ResolutionEngine.hpp:34:19: note: The member function 'tcas::safety::ResolutionEngine::resolve' can be static.
    SafetyCommand resolve(
                  ^
src\safety\ResolutionEngine.cpp:9:33: note: The member function 'tcas::safety::ResolutionEngine::resolve' can be static.
SafetyCommand ResolutionEngine::resolve(
                                ^
28/73 files checked 51% done
Checking src\safety\RiskEngine.cpp ...
src\safety\RiskEngine.cpp:43:28: style: The member function 'tcas::safety::RiskEngine::assess' can be static. [functionStatic]
RiskAssessment RiskEngine::assess(
                           ^
include\safety\RiskEngine.hpp:70:20: note: The member function 'tcas::safety::RiskEngine::assess' can be static.
    RiskAssessment assess(
                   ^
src\safety\RiskEngine.cpp:43:28: note: The member function 'tcas::safety::RiskEngine::assess' can be static.
RiskAssessment RiskEngine::assess(
                           ^
29/73 files checked 52% done
Checking src\scenario\ScenarioManager.cpp ...
30/73 files checked 56% done
Checking src\sensor\Odometer.cpp ...
31/73 files checked 56% done
Checking src\sensor\StateEstimator.cpp ...
32/73 files checked 59% done
Checking src\simulation\SimClock.cpp ...
33/73 files checked 59% done
Checking src\simulation\SimulationTimer.cpp ...
34/73 files checked 59% done
Checking src\train\ExpressTrain.cpp ...
35/73 files checked 59% done
Checking src\train\FreightTrain.cpp ...
36/73 files checked 59% done
Checking src\train\PassengerTrain.cpp ...
37/73 files checked 59% done
Checking src\train\Train.cpp ...
src\train\Train.cpp:107:32: style: Argument 'position' shadows outer function [shadowFunction]
void Train::setPosition(double position)
                               ^
include\train\Train.hpp:40:12: note: Shadowed function
    double position() const noexcept;
           ^
src\train\Train.cpp:107:32: note: Shadow argument
void Train::setPosition(double position)
                               ^
src\train\Train.cpp:119:32: style: Argument 'velocity' shadows outer function [shadowFunction]
void Train::setVelocity(double velocity)
                               ^
include\train\Train.hpp:43:12: note: Shadowed function
    double velocity() const noexcept;
           ^
src\train\Train.cpp:119:32: note: Shadow argument
void Train::setVelocity(double velocity)
                               ^
src\train\Train.cpp:138:36: style: Argument 'acceleration' shadows outer function [shadowFunction]
void Train::setAcceleration(double acceleration)
                                   ^
include\train\Train.hpp:46:12: note: Shadowed function
    double acceleration() const noexcept;
           ^
src\train\Train.cpp:138:36: note: Shadow argument
void Train::setAcceleration(double acceleration)
                                   ^
src\train\Train.cpp:149:33: style: Argument 'state' shadows outer function [shadowFunction]
void Train::setState(TrainState state) noexcept
                                ^
include\train\Train.hpp:49:16: note: Shadowed function
    TrainState state() const noexcept;
               ^
src\train\Train.cpp:149:33: note: Shadow argument
void Train::setState(TrainState state) noexcept
                                ^
38/73 files checked 60% done
Checking src\train\TrainManager.cpp ...
39/73 files checked 60% done
Checking tests\communication\CommunicationChannelTest.cpp ...
40/73 files checked 63% done
Checking tests\communication\MessageTest.cpp ...
41/73 files checked 63% done
Checking tests\conflict\ConflictDetectorTest.cpp ...
42/73 files checked 65% done
Checking tests\hmi\HmiDisplayTest.cpp ...
43/73 files checked 65% done
Checking tests\hmi\PerformanceMetricsTest.cpp ...
44/73 files checked 66% done
Checking tests\hmi\TelemetryLoggerTest.cpp ...
45/73 files checked 66% done
Checking tests\infrastructure\NodeTest.cpp ...
46/73 files checked 66% done
Checking tests\infrastructure\RailwayNetworkTest.cpp ...
47/73 files checked 68% done
Checking tests\infrastructure\TrackTest.cpp ...
48/73 files checked 68% done
Checking tests\integration\Module8To12IntegrationTest.cpp ...
49/73 files checked 70% done
Checking tests\integration\Module9IntegrationTest.cpp ...
50/73 files checked 71% done
Checking tests\integration\PhysicsNavigationIntegrationTest.cpp ...
51/73 files checked 73% done
Checking tests\navigation\RouteNavigatorTest.cpp ...
52/73 files checked 75% done
Checking tests\orchestrator\CommandQueueTest.cpp ...
53/73 files checked 76% done
Checking tests\orchestrator\SafetyPipelineTest.cpp ...
54/73 files checked 77% done
Checking tests\orchestrator\ThreadOrchestratorTest.cpp ...
55/73 files checked 82% done
Checking tests\physics\KinematicsEngineTest.cpp ...
56/73 files checked 85% done
Checking tests\prediction\PredictionEngineTest.cpp ...
57/73 files checked 88% done
Checking tests\safety\ConflictPriorityQueueTest.cpp ...
58/73 files checked 89% done
Checking tests\safety\PriorityEngineTest.cpp ...
59/73 files checked 89% done
Checking tests\safety\ResolutionEngineTest.cpp ...
60/73 files checked 90% done
Checking tests\safety\RiskEngineTest.cpp ...
61/73 files checked 91% done
Checking tests\safety\SafetyIntegrationTest.cpp ...
62/73 files checked 92% done
Checking tests\sensor\OdometerTest.cpp ...
63/73 files checked 93% done
Checking tests\sensor\StateEstimatorTest.cpp ...
64/73 files checked 94% done
Checking tests\simulation\SimClockTest.cpp ...
65/73 files checked 95% done
Checking tests\simulation\SimulationConfigTest.cpp ...
66/73 files checked 96% done
Checking tests\simulation\SimulationTimerTest.cpp ...
67/73 files checked 97% done
Checking tests\test_main.cpp ...
68/73 files checked 97% done
Checking tests\train\ExpressTrainTest.cpp ...
69/73 files checked 97% done
Checking tests\train\FreightTrainTest.cpp ...
70/73 files checked 97% done
Checking tests\train\PassengerTrainTest.cpp ...
71/73 files checked 97% done
Checking tests\train\TrainManagerTest.cpp ...
72/73 files checked 98% done
Checking tests\train\TrainTest.cpp ...
73/73 files checked 100% done
